{
  "file": {
    "decls": [
      {
        "cases": [
          {
            "body": {
              "kind": "Int",
              "type": "Literal",
              "value": 0
            },
            "pattern": {
              "name": "None",
              "type": "Identifier"
            },
            "type": "Case"
          },
          {
            "body": {
              "kind": "Int",
              "type": "Literal",
              "value": 1
            },
            "pattern": {
              "name": "_",
              "type": "Identifier"
            },
            "type": "Case"
          }
        ],
        "expr": {
          "name": "opt",
          "type": "Identifier"
        },
        "type": "Match"
      }
    ],
    "path": "test://unit",
    "statements": [
      {
        "cases": [
          {
            "body": {
              "kind": "Int",
              "type": "Literal",
              "value": 0
            },
            "pattern": {
              "name": "None",
              "type": "Identifier"
            },
            "type": "Case"
          },
          {
            "body": {
              "kind": "Int",
              "type": "Literal",
              "value": 1
            },
            "pattern": {
              "name": "_",
              "type": "Identifier"
            },
            "type": "Case"
          }
        ],
        "expr": {
          "name": "opt",
          "type": "Identifier"
        },
        "type": "Match"
      }
    ],
    "type": "File"
  },
  "type": "Program"
}