{
  "file": {
    "decls": [
      {
        "left": {
          "kind": "Int",
          "type": "Literal",
          "value": 4
        },
        "op": "*",
        "right": {
          "kind": "Int",
          "type": "Literal",
          "value": 3
        },
        "type": "BinaryOp"
      }
    ],
    "path": "test://unit",
    "statements": [
      {
        "left": {
          "kind": "Int",
          "type": "Literal",
          "value": 4
        },
        "op": "*",
        "right": {
          "kind": "Int",
          "type": "Literal",
          "value": 3
        },
        "type": "BinaryOp"
      }
    ],
    "type": "File"
  },
  "type": "Program"
}