{
  "file": {
    "decls": [
      {
        "type": "Record"
      }
    ],
    "path": "test://unit",
    "statements": [
      {
        "type": "Record"
      }
    ],
    "type": "File"
  },
  "type": "Program"
}