{
  "file": {
    "decls": [
      {
        "elements": [
          {
            "kind": "Int",
            "type": "Literal",
            "value": 1
          },
          {
            "kind": "Int",
            "type": "Literal",
            "value": 2
          }
        ],
        "type": "Tuple"
      }
    ],
    "path": "test://unit",
    "statements": [
      {
        "elements": [
          {
            "kind": "Int",
            "type": "Literal",
            "value": 1
          },
          {
            "kind": "Int",
            "type": "Literal",
            "value": 2
          }
        ],
        "type": "Tuple"
      }
    ],
    "type": "File"
  },
  "type": "Program"
}