{
  "file": {
    "path": "test://unit",
    "type": "File"
  },
  "type": "Program"
}