{"schema":"ailang.error/v1","code":"IMP011","phase":"link","message":"import conflict for 'gcd'","data":{"module_id":"tests/errors/import_conflict","providers":[{"export":"gcd","module_id":"examples/v3_3/math/div"},{"export":"gcd","module_id":"examples/v3_3/math/gcd"}],"symbol":"gcd"},"fix":{"suggestion":"Import only one provider of the symbol (use selective imports)","confidence":0.9}}